.next/types/validator.ts(126,31): error TS2344: Type 'typeof import("C:/Users/graha/Desktop/AI-ChatBot/app/api/conversations/[id]/messages/route")' does not satisfy the constraint 'RouteHandlerConfig<"/api/conversations/[id]/messages">'.
  Types of property 'GET' are incompatible.
    Type '(req: Request, { params }: { params: { id: string; }; }) => Promise<NextResponse<{ error: string; }> | NextResponse<{ id: string; conversationId: string; role: string; content: string; sources: unknown; createdAt: Date; }[]>>' is not assignable to type '(request: NextRequest, context: { params: Promise<{ id: string; }>; }) => void | Response | Promise<void | Response>'.
      Types of parameters '__1' and 'context' are incompatible.
        Type '{ params: Promise<{ id: string; }>; }' is not assignable to type '{ params: { id: string; }; }'.
          Types of property 'params' are incompatible.
            Property 'id' is missing in type 'Promise<{ id: string; }>' but required in type '{ id: string; }'.
.next/types/validator.ts(135,31): error TS2344: Type 'typeof import("C:/Users/graha/Desktop/AI-ChatBot/app/api/conversations/[id]/route")' does not satisfy the constraint 'RouteHandlerConfig<"/api/conversations/[id]">'.
  Types of property 'GET' are incompatible.
    Type '(req: Request, { params }: { params: { id: string; }; }) => Promise<NextResponse<{ error: string; }> | NextResponse<{ id: string; userId: string; title: string | null; createdAt: Date; updatedAt: Date; }>>' is not assignable to type '(request: NextRequest, context: { params: Promise<{ id: string; }>; }) => void | Response | Promise<void | Response>'.
      Types of parameters '__1' and 'context' are incompatible.
        Type '{ params: Promise<{ id: string; }>; }' is not assignable to type '{ params: { id: string; }; }'.
          Types of property 'params' are incompatible.
            Property 'id' is missing in type 'Promise<{ id: string; }>' but required in type '{ id: string; }'.
app/api/chat/route.ts(42,25): error TS2345: Argument of type 'Message[]' is not assignable to parameter of type 'PgTable<TableConfig>'.
  Type 'Message[]' is missing the following properties from type 'PgTable<TableConfig>': _, $inferSelect, $inferInsert, getSQL
app/api/chat/route.ts(42,25): error TS2448: Block-scoped variable 'messages' used before its declaration.
app/api/chat/route.ts(42,25): error TS2454: Variable 'messages' is used before being assigned.
app/api/chat/route.ts(265,41): error TS2345: Argument of type 'Message[]' is not assignable to parameter of type 'PgTable<TableConfig>'.
  Type 'Message[]' is missing the following properties from type 'PgTable<TableConfig>': _, $inferSelect, $inferInsert, getSQL
